---
source: tests/snapshots.rs
expression: output
---
┌─ thinking ─
│  A                                    │ B                                    
│ ─────────────────────────────────────────────────────────────────────────────
│  1                                    │ 2                                    
└
